cargo : warning: 
unused import: 
`Result`
Au caractère Ligne:1 
: 1
+ cargo test --test 
batch_integration -- 
--ignored --nocapture 
> test_o ...
+ ~~~~~~~~~~~~~~~~~~~~
~~~~~~~~~~~~~~~~~~~~~~
~~~~~~~~~~~~~~~~~~~~~~
~~~~~
    + CategoryInfo    
          : NotSpeci  
  fied: (warning: u   
 nused import: `Re    
sult`:String) [],     
RemoteException
    + FullyQualifiedE 
   rrorId : NativeCo  
  mmandError
 
 --> tests\batch_integ
ration.rs:3:14
  |
3 | ...::{Result},
  |       ^^^^^^
  |
  = note: `#[warn(unus
ed_imports)]` (part 
of `#[warn(unused)]`) 
on by default

warning: `iron_forge` 
(test 
"batch_integration") 
generated 1 warning 
(run `cargo fix 
--test 
"batch_integration" 
-p iron_forge` to 
apply 1 suggestion)
    Finished `test` 
profile [unoptimized 
+ debuginfo] 
target(s) in 0.11s
warning: the 
following packages 
contain code that 
will be rejected by a 
future version of 
Rust: redis v0.25.4
note: to see what the 
problems were, use 
the option `--future-i
ncompat-report`, or 
run `cargo report futu
re-incompatibilities 
--id 1`
     Running tests\bat
ch_integration.rs (tar
get\debug\deps\batch_i
ntegration-ee5b51857ac
5e5c3.exe)

running 1 test

thread 
'test_batch_enqueue' 
(28324) panicked at te
sts\batch_integration.
rs:31:40:
Failed to enqueue 
batch: Redis(An error 
was signalled by the 
server - 
NoScriptError: No 
matching script. 
Please use EVAL.)
note: run with 
`RUST_BACKTRACE=1` 
environment variable 
to display a backtrace
test test_batch_enqueue ... FAILED

failures:

failures:
    test_batch_enqueue

test result: FAILED. 0 passed; 1 failed; 0 ignored; 0 measured; 0 filtered out; finished in 0.00s

error: test failed, 
to rerun pass `--test 
batch_integration`
